// Jest Snapshot v1, https://goo.gl/fbAQLP

exports[`getFlatMenus normal 1`] = `
Object {
  "/admin": Object {
    "access": "canAdmin",
    "children": Array [
      Object {
        "access": "canAdmin",
        "exact": true,
        "key": "/admin/sub-page",
        "locale": "menu.admin.sub-page",
        "name": "二级管理页",
        "path": "/admin/sub-page",
        "pro_layout_parentKeys": Array [
          "/admin",
        ],
        "routes": undefined,
        "unaccessible": false,
      },
      Object {
        "access": "canAdmin",
        "key": "/admin/.",
        "locale": "menu.admin.404",
        "name": "menu.admin.404",
        "path": "/admin/.",
        "pro_layout_parentKeys": Array [
          "/admin",
        ],
        "routes": undefined,
      },
    ],
    "key": "/admin",
    "locale": "menu.admin",
    "name": "管理页",
    "path": "/admin",
    "pro_layout_parentKeys": Array [],
    "routes": Array [
      Object {
        "access": "canAdmin",
        "exact": true,
        "key": "/admin/sub-page",
        "locale": "menu.admin.sub-page",
        "name": "二级管理页",
        "path": "/admin/sub-page",
        "pro_layout_parentKeys": Array [
          "/admin",
        ],
        "routes": undefined,
        "unaccessible": false,
      },
      Object {
        "access": "canAdmin",
        "key": "/admin/.",
        "locale": "menu.admin.404",
        "name": "menu.admin.404",
        "path": "/admin/.",
        "pro_layout_parentKeys": Array [
          "/admin",
        ],
        "routes": undefined,
      },
    ],
  },
  "/admin/.": Object {
    "access": "canAdmin",
    "key": "/admin/.",
    "locale": "menu.admin.404",
    "name": "menu.admin.404",
    "path": "/admin/.",
    "pro_layout_parentKeys": Array [
      "/admin",
    ],
    "routes": undefined,
  },
  "/admin/sub-page": Object {
    "access": "canAdmin",
    "exact": true,
    "key": "/admin/sub-page",
    "locale": "menu.admin.sub-page",
    "name": "二级管理页",
    "path": "/admin/sub-page",
    "pro_layout_parentKeys": Array [
      "/admin",
    ],
    "routes": undefined,
    "unaccessible": false,
  },
  "/list": Object {
    "exact": true,
    "key": "/list",
    "locale": "menu.list.table-list",
    "name": "查询表格",
    "path": "/list",
    "pro_layout_parentKeys": Array [],
    "routes": undefined,
    "unaccessible": false,
  },
  "/list/:id": Object {
    "exact": true,
    "key": "/list/:id",
    "locale": "menu.list.table.result",
    "name": "数据详情",
    "path": "/list/:id",
    "pro_layout_parentKeys": Array [],
    "routes": undefined,
    "unaccessible": false,
  },
  "/welcome": Object {
    "exact": true,
    "key": "/welcome",
    "locale": "menu.welcome",
    "name": "欢迎",
    "path": "/welcome",
    "pro_layout_parentKeys": Array [],
    "routes": undefined,
    "unaccessible": false,
  },
}
`;
